<?xml version="1.0" encoding="ISO-8859-1" ?>
<link_info>
   <banner>TI ARM Linker PC v18.1.1.LTS</banner>
   <copyright>Copyright (c) 1996-2017 Texas Instruments Incorporated</copyright>
   <link_time>0x5bced4c2</link_time>
   <link_errors>0x0</link_errors>
   <output_file>RTOS_QUADCOPTER.out</output_file>
   <entry_point>
      <name>_c_int00</name>
      <address>0x18350</address>
   </entry_point>
   <input_file_list>
      <input_file id="fl-2">
         <path>.\source\</path>
         <kind>object</kind>
         <file>HL_ecap.obj</file>
         <name>HL_ecap.obj</name>
      </input_file>
      <input_file id="fl-3">
         <path>.\source\</path>
         <kind>object</kind>
         <file>HL_epc.obj</file>
         <name>HL_epc.obj</name>
      </input_file>
      <input_file id="fl-4">
         <path>.\source\</path>
         <kind>object</kind>
         <file>HL_errata.obj</file>
         <name>HL_errata.obj</name>
      </input_file>
      <input_file id="fl-5">
         <path>.\source\</path>
         <kind>object</kind>
         <file>HL_esm.obj</file>
         <name>HL_esm.obj</name>
      </input_file>
      <input_file id="fl-6">
         <path>.\source\</path>
         <kind>object</kind>
         <file>HL_etpwm.obj</file>
         <name>HL_etpwm.obj</name>
      </input_file>
      <input_file id="fl-7">
         <path>.\source\</path>
         <kind>object</kind>
         <file>HL_i2c.obj</file>
         <name>HL_i2c.obj</name>
      </input_file>
      <input_file id="fl-8">
         <path>.\source\</path>
         <kind>object</kind>
         <file>HL_nmpu.obj</file>
         <name>HL_nmpu.obj</name>
      </input_file>
      <input_file id="fl-9">
         <path>.\source\</path>
         <kind>object</kind>
         <file>HL_notification.obj</file>
         <name>HL_notification.obj</name>
      </input_file>
      <input_file id="fl-a">
         <path>.\source\</path>
         <kind>object</kind>
         <file>HL_pinmux.obj</file>
         <name>HL_pinmux.obj</name>
      </input_file>
      <input_file id="fl-b">
         <path>.\source\</path>
         <kind>object</kind>
         <file>HL_sci.obj</file>
         <name>HL_sci.obj</name>
      </input_file>
      <input_file id="fl-c">
         <path>.\source\</path>
         <kind>object</kind>
         <file>HL_sys_core.obj</file>
         <name>HL_sys_core.obj</name>
      </input_file>
      <input_file id="fl-d">
         <path>.\source\</path>
         <kind>object</kind>
         <file>HL_sys_dma.obj</file>
         <name>HL_sys_dma.obj</name>
      </input_file>
      <input_file id="fl-e">
         <path>.\source\</path>
         <kind>object</kind>
         <file>HL_sys_intvecs.obj</file>
         <name>HL_sys_intvecs.obj</name>
      </input_file>
      <input_file id="fl-f">
         <path>.\source\</path>
         <kind>object</kind>
         <file>HL_sys_main.obj</file>
         <name>HL_sys_main.obj</name>
      </input_file>
      <input_file id="fl-10">
         <path>.\source\</path>
         <kind>object</kind>
         <file>HL_sys_mpu.obj</file>
         <name>HL_sys_mpu.obj</name>
      </input_file>
      <input_file id="fl-11">
         <path>.\source\</path>
         <kind>object</kind>
         <file>HL_sys_pcr.obj</file>
         <name>HL_sys_pcr.obj</name>
      </input_file>
      <input_file id="fl-12">
         <path>.\source\</path>
         <kind>object</kind>
         <file>HL_sys_phantom.obj</file>
         <name>HL_sys_phantom.obj</name>
      </input_file>
      <input_file id="fl-13">
         <path>.\source\</path>
         <kind>object</kind>
         <file>HL_sys_pmm.obj</file>
         <name>HL_sys_pmm.obj</name>
      </input_file>
      <input_file id="fl-14">
         <path>.\source\</path>
         <kind>object</kind>
         <file>HL_sys_pmu.obj</file>
         <name>HL_sys_pmu.obj</name>
      </input_file>
      <input_file id="fl-15">
         <path>.\source\</path>
         <kind>object</kind>
         <file>HL_sys_startup.obj</file>
         <name>HL_sys_startup.obj</name>
      </input_file>
      <input_file id="fl-16">
         <path>.\source\</path>
         <kind>object</kind>
         <file>HL_sys_vim.obj</file>
         <name>HL_sys_vim.obj</name>
      </input_file>
      <input_file id="fl-17">
         <path>.\source\</path>
         <kind>object</kind>
         <file>HL_system.obj</file>
         <name>HL_system.obj</name>
      </input_file>
      <input_file id="fl-18">
         <path>.\source\</path>
         <kind>object</kind>
         <file>os_croutine.obj</file>
         <name>os_croutine.obj</name>
      </input_file>
      <input_file id="fl-19">
         <path>.\source\</path>
         <kind>object</kind>
         <file>os_event_groups.obj</file>
         <name>os_event_groups.obj</name>
      </input_file>
      <input_file id="fl-1a">
         <path>.\source\</path>
         <kind>object</kind>
         <file>os_heap.obj</file>
         <name>os_heap.obj</name>
      </input_file>
      <input_file id="fl-1b">
         <path>.\source\</path>
         <kind>object</kind>
         <file>os_list.obj</file>
         <name>os_list.obj</name>
      </input_file>
      <input_file id="fl-1c">
         <path>.\source\</path>
         <kind>object</kind>
         <file>os_mpu_wrappers.obj</file>
         <name>os_mpu_wrappers.obj</name>
      </input_file>
      <input_file id="fl-1d">
         <path>.\source\</path>
         <kind>object</kind>
         <file>os_port.obj</file>
         <name>os_port.obj</name>
      </input_file>
      <input_file id="fl-1e">
         <path>.\source\</path>
         <kind>object</kind>
         <file>os_portasm.obj</file>
         <name>os_portasm.obj</name>
      </input_file>
      <input_file id="fl-1f">
         <path>.\source\</path>
         <kind>object</kind>
         <file>os_queue.obj</file>
         <name>os_queue.obj</name>
      </input_file>
      <input_file id="fl-20">
         <path>.\source\</path>
         <kind>object</kind>
         <file>os_tasks.obj</file>
         <name>os_tasks.obj</name>
      </input_file>
      <input_file id="fl-21">
         <path>.\source\</path>
         <kind>object</kind>
         <file>os_timer.obj</file>
         <name>os_timer.obj</name>
      </input_file>
      <input_file id="fl-25">
         <kind>object</kind>
         <file>&lt;internal&gt;</file>
         <name>&lt;internal&gt;</name>
      </input_file>
      <input_file id="fl-db">
         <path>C:\ti\ccsv8\tools\compiler\ti-cgt-arm_18.1.1.LTS\lib\</path>
         <kind>archive</kind>
         <file>rtsv7R4_A_be_v3D16_eabi.lib</file>
         <name>e_asin.c.obj</name>
      </input_file>
      <input_file id="fl-dc">
         <path>C:\ti\ccsv8\tools\compiler\ti-cgt-arm_18.1.1.LTS\lib\</path>
         <kind>archive</kind>
         <file>rtsv7R4_A_be_v3D16_eabi.lib</file>
         <name>e_pow.c.obj</name>
      </input_file>
      <input_file id="fl-dd">
         <path>C:\ti\ccsv8\tools\compiler\ti-cgt-arm_18.1.1.LTS\lib\</path>
         <kind>archive</kind>
         <file>rtsv7R4_A_be_v3D16_eabi.lib</file>
         <name>e_sqrt.c.obj</name>
      </input_file>
      <input_file id="fl-de">
         <path>C:\ti\ccsv8\tools\compiler\ti-cgt-arm_18.1.1.LTS\lib\</path>
         <kind>archive</kind>
         <file>rtsv7R4_A_be_v3D16_eabi.lib</file>
         <name>s_floor.c.obj</name>
      </input_file>
      <input_file id="fl-df">
         <path>C:\ti\ccsv8\tools\compiler\ti-cgt-arm_18.1.1.LTS\lib\</path>
         <kind>archive</kind>
         <file>rtsv7R4_A_be_v3D16_eabi.lib</file>
         <name>s_scalbn.c.obj</name>
      </input_file>
      <input_file id="fl-e0">
         <path>C:\ti\ccsv8\tools\compiler\ti-cgt-arm_18.1.1.LTS\lib\</path>
         <kind>archive</kind>
         <file>rtsv7R4_A_be_v3D16_eabi.lib</file>
         <name>s_sin.c.obj</name>
      </input_file>
      <input_file id="fl-e1">
         <path>C:\ti\ccsv8\tools\compiler\ti-cgt-arm_18.1.1.LTS\lib\</path>
         <kind>archive</kind>
         <file>rtsv7R4_A_be_v3D16_eabi.lib</file>
         <name>i_div32.asm.obj</name>
      </input_file>
      <input_file id="fl-e2">
         <path>C:\ti\ccsv8\tools\compiler\ti-cgt-arm_18.1.1.LTS\lib\</path>
         <kind>archive</kind>
         <file>rtsv7R4_A_be_v3D16_eabi.lib</file>
         <name>memcpy32.asm.obj</name>
      </input_file>
      <input_file id="fl-e3">
         <path>C:\ti\ccsv8\tools\compiler\ti-cgt-arm_18.1.1.LTS\lib\</path>
         <kind>archive</kind>
         <file>rtsv7R4_A_be_v3D16_eabi.lib</file>
         <name>memset32.asm.obj</name>
      </input_file>
      <input_file id="fl-e4">
         <path>C:\ti\ccsv8\tools\compiler\ti-cgt-arm_18.1.1.LTS\lib\</path>
         <kind>archive</kind>
         <file>rtsv7R4_A_be_v3D16_eabi.lib</file>
         <name>autoinit.c.obj</name>
      </input_file>
      <input_file id="fl-e5">
         <path>C:\ti\ccsv8\tools\compiler\ti-cgt-arm_18.1.1.LTS\lib\</path>
         <kind>archive</kind>
         <file>rtsv7R4_A_be_v3D16_eabi.lib</file>
         <name>cpy_tbl.c.obj</name>
      </input_file>
      <input_file id="fl-e6">
         <path>C:\ti\ccsv8\tools\compiler\ti-cgt-arm_18.1.1.LTS\lib\</path>
         <kind>archive</kind>
         <file>rtsv7R4_A_be_v3D16_eabi.lib</file>
         <name>copy_zero_init.c.obj</name>
      </input_file>
      <input_file id="fl-e7">
         <path>C:\ti\ccsv8\tools\compiler\ti-cgt-arm_18.1.1.LTS\lib\</path>
         <kind>archive</kind>
         <file>rtsv7R4_A_be_v3D16_eabi.lib</file>
         <name>copy_decompress_none.c.obj</name>
      </input_file>
      <input_file id="fl-e8">
         <path>C:\ti\ccsv8\tools\compiler\ti-cgt-arm_18.1.1.LTS\lib\</path>
         <kind>archive</kind>
         <file>rtsv7R4_A_be_v3D16_eabi.lib</file>
         <name>copy_decompress_lzss.c.obj</name>
      </input_file>
      <input_file id="fl-e9">
         <path>C:\ti\ccsv8\tools\compiler\ti-cgt-arm_18.1.1.LTS\lib\</path>
         <kind>archive</kind>
         <file>rtsv7R4_A_be_v3D16_eabi.lib</file>
         <name>exit.c.obj</name>
      </input_file>
      <input_file id="fl-ea">
         <path>C:\ti\ccsv8\tools\compiler\ti-cgt-arm_18.1.1.LTS\lib\</path>
         <kind>archive</kind>
         <file>rtsv7R4_A_be_v3D16_eabi.lib</file>
         <name>_lock.c.obj</name>
      </input_file>
      <input_file id="fl-eb">
         <path>C:\ti\ccsv8\tools\compiler\ti-cgt-arm_18.1.1.LTS\lib\</path>
         <kind>archive</kind>
         <file>rtsv7R4_A_be_v3D16_eabi.lib</file>
         <name>clock.c.obj</name>
      </input_file>
      <input_file id="fl-ec">
         <path>C:\ti\ccsv8\tools\compiler\ti-cgt-arm_18.1.1.LTS\lib\</path>
         <kind>archive</kind>
         <file>rtsv7R4_A_be_v3D16_eabi.lib</file>
         <name>sprintf.c.obj</name>
      </input_file>
      <input_file id="fl-ed">
         <path>C:\ti\ccsv8\tools\compiler\ti-cgt-arm_18.1.1.LTS\lib\</path>
         <kind>archive</kind>
         <file>rtsv7R4_A_be_v3D16_eabi.lib</file>
         <name>strlen.c.obj</name>
      </input_file>
      <input_file id="fl-ee">
         <path>C:\ti\ccsv8\tools\compiler\ti-cgt-arm_18.1.1.LTS\lib\</path>
         <kind>archive</kind>
         <file>rtsv7R4_A_be_v3D16_eabi.lib</file>
         <name>hostclock.c.obj</name>
      </input_file>
      <input_file id="fl-ef">
         <path>C:\ti\ccsv8\tools\compiler\ti-cgt-arm_18.1.1.LTS\lib\</path>
         <kind>archive</kind>
         <file>rtsv7R4_A_be_v3D16_eabi.lib</file>
         <name>hostopen.c.obj</name>
      </input_file>
      <input_file id="fl-f0">
         <path>C:\ti\ccsv8\tools\compiler\ti-cgt-arm_18.1.1.LTS\lib\</path>
         <kind>archive</kind>
         <file>rtsv7R4_A_be_v3D16_eabi.lib</file>
         <name>trgmsg.c.obj</name>
      </input_file>
      <input_file id="fl-f1">
         <path>C:\ti\ccsv8\tools\compiler\ti-cgt-arm_18.1.1.LTS\lib\</path>
         <kind>archive</kind>
         <file>rtsv7R4_A_be_v3D16_eabi.lib</file>
         <name>errno.c.obj</name>
      </input_file>
      <input_file id="fl-f2">
         <path>C:\ti\ccsv8\tools\compiler\ti-cgt-arm_18.1.1.LTS\lib\</path>
         <kind>archive</kind>
         <file>rtsv7R4_A_be_v3D16_eabi.lib</file>
         <name>s_copysign.c.obj</name>
      </input_file>
      <input_file id="fl-f3">
         <path>C:\ti\ccsv8\tools\compiler\ti-cgt-arm_18.1.1.LTS\lib\</path>
         <kind>archive</kind>
         <file>rtsv7R4_A_be_v3D16_eabi.lib</file>
         <name>k_rem_pio2.c.obj</name>
      </input_file>
      <input_file id="fl-f4">
         <path>C:\ti\ccsv8\tools\compiler\ti-cgt-arm_18.1.1.LTS\lib\</path>
         <kind>archive</kind>
         <file>rtsv7R4_A_be_v3D16_eabi.lib</file>
         <name>k_cos.c.obj</name>
      </input_file>
      <input_file id="fl-f5">
         <path>C:\ti\ccsv8\tools\compiler\ti-cgt-arm_18.1.1.LTS\lib\</path>
         <kind>archive</kind>
         <file>rtsv7R4_A_be_v3D16_eabi.lib</file>
         <name>k_sin.c.obj</name>
      </input_file>
      <input_file id="fl-f6">
         <path>C:\ti\ccsv8\tools\compiler\ti-cgt-arm_18.1.1.LTS\lib\</path>
         <kind>archive</kind>
         <file>rtsv7R4_A_be_v3D16_eabi.lib</file>
         <name>div0.asm.obj</name>
      </input_file>
      <input_file id="fl-f7">
         <path>C:\ti\ccsv8\tools\compiler\ti-cgt-arm_18.1.1.LTS\lib\</path>
         <kind>archive</kind>
         <file>rtsv7R4_A_be_v3D16_eabi.lib</file>
         <name>_printfi.c.obj</name>
      </input_file>
      <input_file id="fl-f8">
         <path>C:\ti\ccsv8\tools\compiler\ti-cgt-arm_18.1.1.LTS\lib\</path>
         <kind>archive</kind>
         <file>rtsv7R4_A_be_v3D16_eabi.lib</file>
         <name>atoi.c.obj</name>
      </input_file>
      <input_file id="fl-f9">
         <path>C:\ti\ccsv8\tools\compiler\ti-cgt-arm_18.1.1.LTS\lib\</path>
         <kind>archive</kind>
         <file>rtsv7R4_A_be_v3D16_eabi.lib</file>
         <name>ctype.c.obj</name>
      </input_file>
      <input_file id="fl-fa">
         <path>C:\ti\ccsv8\tools\compiler\ti-cgt-arm_18.1.1.LTS\lib\</path>
         <kind>archive</kind>
         <file>rtsv7R4_A_be_v3D16_eabi.lib</file>
         <name>ltoa.c.obj</name>
      </input_file>
      <input_file id="fl-fb">
         <path>C:\ti\ccsv8\tools\compiler\ti-cgt-arm_18.1.1.LTS\lib\</path>
         <kind>archive</kind>
         <file>rtsv7R4_A_be_v3D16_eabi.lib</file>
         <name>memccpy.c.obj</name>
      </input_file>
      <input_file id="fl-fc">
         <path>C:\ti\ccsv8\tools\compiler\ti-cgt-arm_18.1.1.LTS\lib\</path>
         <kind>archive</kind>
         <file>rtsv7R4_A_be_v3D16_eabi.lib</file>
         <name>strchr.c.obj</name>
      </input_file>
      <input_file id="fl-fd">
         <path>C:\ti\ccsv8\tools\compiler\ti-cgt-arm_18.1.1.LTS\lib\</path>
         <kind>archive</kind>
         <file>rtsv7R4_A_be_v3D16_eabi.lib</file>
         <name>s_frexp.c.obj</name>
      </input_file>
      <input_file id="fl-fe">
         <path>C:\ti\ccsv8\tools\compiler\ti-cgt-arm_18.1.1.LTS\lib\</path>
         <kind>archive</kind>
         <file>rtsv7R4_A_be_v3D16_eabi.lib</file>
         <name>wcslen.c.obj</name>
      </input_file>
      <input_file id="fl-ff">
         <path>C:\ti\ccsv8\tools\compiler\ti-cgt-arm_18.1.1.LTS\lib\</path>
         <kind>archive</kind>
         <file>rtsv7R4_A_be_v3D16_eabi.lib</file>
         <name>u_div32.asm.obj</name>
      </input_file>
      <input_file id="fl-100">
         <path>C:\ti\ccsv8\tools\compiler\ti-cgt-arm_18.1.1.LTS\lib\</path>
         <kind>archive</kind>
         <file>rtsv7R4_A_be_v3D16_eabi.lib</file>
         <name>ull_div32.asm.obj</name>
      </input_file>
   </input_file_list>
   <object_component_list>
      <object_component id="oc-30">
         <name>.intvecs</name>
         <load_address>0x0</load_address>
         <run_address>0x0</run_address>
         <size>0x20</size>
         <input_file_ref idref="fl-e"/>
      </object_component>
      <object_component id="oc-19c">
         <name>.kernelTEXT</name>
         <load_address>0x20</load_address>
         <run_address>0x20</run_address>
         <size>0x2bdc</size>
         <input_file_ref idref="fl-20"/>
      </object_component>
      <object_component id="oc-328">
         <name>.kernelTEXT</name>
         <load_address>0x2bfc</load_address>
         <run_address>0x2bfc</run_address>
         <size>0x11dc</size>
         <input_file_ref idref="fl-1f"/>
      </object_component>
      <object_component id="oc-32e">
         <name>.kernelTEXT</name>
         <load_address>0x3dd8</load_address>
         <run_address>0x3dd8</run_address>
         <size>0x81c</size>
         <input_file_ref idref="fl-19"/>
      </object_component>
      <object_component id="oc-95">
         <name>.kernelTEXT</name>
         <load_address>0x45f4</load_address>
         <run_address>0x45f4</run_address>
         <size>0x4b0</size>
         <input_file_ref idref="fl-1e"/>
      </object_component>
      <object_component id="oc-34d">
         <name>.kernelTEXT</name>
         <load_address>0x4aa4</load_address>
         <run_address>0x4aa4</run_address>
         <size>0x3dc</size>
         <input_file_ref idref="fl-1d"/>
      </object_component>
      <object_component id="oc-341">
         <name>.kernelTEXT</name>
         <load_address>0x4e80</load_address>
         <run_address>0x4e80</run_address>
         <size>0x380</size>
         <input_file_ref idref="fl-1a"/>
      </object_component>
      <object_component id="oc-563">
         <name>.cinit..data.load</name>
         <load_address>0x5200</load_address>
         <run_address>0x5200</run_address>
         <size>0x5e</size>
      </object_component>
      <object_component id="oc-55e">
         <name>__TI_handler_table</name>
         <load_address>0x5260</load_address>
         <run_address>0x5260</run_address>
         <size>0xc</size>
      </object_component>
      <object_component id="oc-560">
         <name>.cinit..kernelBSS.load</name>
         <load_address>0x526c</load_address>
         <run_address>0x526c</run_address>
         <size>0x9</size>
      </object_component>
      <object_component id="oc-562">
         <name>.cinit..bss.load</name>
         <load_address>0x5278</load_address>
         <run_address>0x5278</run_address>
         <size>0x8</size>
      </object_component>
      <object_component id="oc-561">
         <name>.cinit..kernelHEAP.load</name>
         <load_address>0x5280</load_address>
         <run_address>0x5280</run_address>
         <size>0x8</size>
      </object_component>
      <object_component id="oc-55f">
         <name>__TI_cinit_table</name>
         <load_address>0x5288</load_address>
         <run_address>0x5288</run_address>
         <size>0x20</size>
      </object_component>
      <object_component id="oc-87">
         <name>.text</name>
         <load_address>0x8020</load_address>
         <run_address>0x8020</run_address>
         <size>0x38a8</size>
         <input_file_ref idref="fl-f"/>
      </object_component>
      <object_component id="oc-157">
         <name>.text</name>
         <load_address>0xb8c8</load_address>
         <run_address>0xb8c8</run_address>
         <size>0x2750</size>
         <input_file_ref idref="fl-6"/>
      </object_component>
      <object_component id="oc-126">
         <name>.text</name>
         <load_address>0xe018</load_address>
         <run_address>0xe018</run_address>
         <size>0xff4</size>
         <input_file_ref idref="fl-b"/>
      </object_component>
      <object_component id="oc-26d">
         <name>.text:__TI_printfi</name>
         <load_address>0xf00c</load_address>
         <run_address>0xf00c</run_address>
         <size>0xf9c</size>
         <input_file_ref idref="fl-f7"/>
      </object_component>
      <object_component id="oc-114">
         <name>.text</name>
         <load_address>0xffa8</load_address>
         <run_address>0xffa8</run_address>
         <size>0xcdc</size>
         <input_file_ref idref="fl-7"/>
      </object_component>
      <object_component id="oc-cf">
         <name>.text</name>
         <load_address>0x10c84</load_address>
         <run_address>0x10c84</run_address>
         <size>0x9f0</size>
         <input_file_ref idref="fl-a"/>
      </object_component>
      <object_component id="oc-187">
         <name>.text</name>
         <load_address>0x11674</load_address>
         <run_address>0x11674</run_address>
         <size>0x9a0</size>
         <input_file_ref idref="fl-1c"/>
      </object_component>
      <object_component id="oc-75">
         <name>.text</name>
         <load_address>0x12014</load_address>
         <run_address>0x12014</run_address>
         <size>0x95c</size>
         <input_file_ref idref="fl-17"/>
      </object_component>
      <object_component id="oc-196">
         <name>.text</name>
         <load_address>0x12970</load_address>
         <run_address>0x12970</run_address>
         <size>0x93c</size>
         <input_file_ref idref="fl-2"/>
      </object_component>
      <object_component id="oc-3c">
         <name>.text</name>
         <load_address>0x132ac</load_address>
         <run_address>0x132ac</run_address>
         <size>0x93c</size>
         <input_file_ref idref="fl-16"/>
      </object_component>
      <object_component id="oc-137">
         <name>.text:pow</name>
         <load_address>0x13be8</load_address>
         <run_address>0x13be8</run_address>
         <size>0x7d0</size>
         <input_file_ref idref="fl-dc"/>
      </object_component>
      <object_component id="oc-29f">
         <name>.text:__kernel_rem_pio2</name>
         <load_address>0x143b8</load_address>
         <run_address>0x143b8</run_address>
         <size>0x790</size>
         <input_file_ref idref="fl-f3"/>
      </object_component>
      <object_component id="oc-7b">
         <name>.text</name>
         <load_address>0x14b48</load_address>
         <run_address>0x14b48</run_address>
         <size>0x78c</size>
         <input_file_ref idref="fl-5"/>
      </object_component>
      <object_component id="oc-131">
         <name>.text:sin</name>
         <load_address>0x152d4</load_address>
         <run_address>0x152d4</run_address>
         <size>0x4d0</size>
         <input_file_ref idref="fl-e0"/>
      </object_component>
      <object_component id="oc-6a">
         <name>.text</name>
         <load_address>0x157a4</load_address>
         <run_address>0x157a4</run_address>
         <size>0x3c4</size>
         <input_file_ref idref="fl-c"/>
      </object_component>
      <object_component id="oc-81">
         <name>.text</name>
         <load_address>0x15b68</load_address>
         <run_address>0x15b68</run_address>
         <size>0x36c</size>
         <input_file_ref idref="fl-10"/>
      </object_component>
      <object_component id="oc-3b">
         <name>.text:retain</name>
         <load_address>0x15ed4</load_address>
         <run_address>0x15ed4</run_address>
         <size>0x33c</size>
         <input_file_ref idref="fl-16"/>
      </object_component>
      <object_component id="oc-21">
         <name>.text:retain</name>
         <load_address>0x16210</load_address>
         <run_address>0x16210</run_address>
         <size>0x330</size>
         <input_file_ref idref="fl-2"/>
      </object_component>
      <object_component id="oc-3b1">
         <name>.text:_pconv_a</name>
         <load_address>0x16540</load_address>
         <run_address>0x16540</run_address>
         <size>0x2dc</size>
         <input_file_ref idref="fl-f7"/>
      </object_component>
      <object_component id="oc-143">
         <name>.text:asin</name>
         <load_address>0x1681c</load_address>
         <run_address>0x1681c</run_address>
         <size>0x2d8</size>
         <input_file_ref idref="fl-db"/>
      </object_component>
      <object_component id="oc-47d">
         <name>.text</name>
         <load_address>0x16af4</load_address>
         <run_address>0x16af4</run_address>
         <size>0x2b8</size>
         <input_file_ref idref="fl-100"/>
      </object_component>
      <object_component id="oc-443">
         <name>.text</name>
         <load_address>0x16dac</load_address>
         <run_address>0x16dac</run_address>
         <size>0x278</size>
         <input_file_ref idref="fl-1a"/>
      </object_component>
      <object_component id="oc-39f">
         <name>.text:_pconv_g</name>
         <load_address>0x17024</load_address>
         <run_address>0x17024</run_address>
         <size>0x248</size>
         <input_file_ref idref="fl-f7"/>
      </object_component>
      <object_component id="oc-347">
         <name>.text</name>
         <load_address>0x1726c</load_address>
         <run_address>0x1726c</run_address>
         <size>0x238</size>
         <input_file_ref idref="fl-1b"/>
      </object_component>
      <object_component id="oc-52">
         <name>.text</name>
         <load_address>0x174a4</load_address>
         <run_address>0x174a4</run_address>
         <size>0x180</size>
         <input_file_ref idref="fl-e2"/>
      </object_component>
      <object_component id="oc-2a">
         <name>.text:retain</name>
         <load_address>0x17624</load_address>
         <run_address>0x17624</run_address>
         <size>0x178</size>
         <input_file_ref idref="fl-5"/>
      </object_component>
      <object_component id="oc-322">
         <name>.text</name>
         <load_address>0x1779c</load_address>
         <run_address>0x1779c</run_address>
         <size>0x164</size>
         <input_file_ref idref="fl-20"/>
      </object_component>
      <object_component id="oc-3ab">
         <name>.text:_pconv_e</name>
         <load_address>0x17900</load_address>
         <run_address>0x17900</run_address>
         <size>0x15c</size>
         <input_file_ref idref="fl-f7"/>
      </object_component>
      <object_component id="oc-49b">
         <name>.text:fcvt</name>
         <load_address>0x17a5c</load_address>
         <run_address>0x17a5c</run_address>
         <size>0x144</size>
         <input_file_ref idref="fl-f7"/>
      </object_component>
      <object_component id="oc-288">
         <name>.text:floor</name>
         <load_address>0x17ba0</load_address>
         <run_address>0x17ba0</run_address>
         <size>0x13c</size>
         <input_file_ref idref="fl-de"/>
      </object_component>
      <object_component id="oc-453">
         <name>.text</name>
         <load_address>0x17cdc</load_address>
         <run_address>0x17cdc</run_address>
         <size>0x13c</size>
         <input_file_ref idref="fl-1d"/>
      </object_component>
      <object_component id="oc-2b8">
         <name>.text:scalbn</name>
         <load_address>0x17e18</load_address>
         <run_address>0x17e18</run_address>
         <size>0x120</size>
         <input_file_ref idref="fl-df"/>
      </object_component>
      <object_component id="oc-399">
         <name>.text:_ltostr</name>
         <load_address>0x17f38</load_address>
         <run_address>0x17f38</run_address>
         <size>0x115</size>
         <input_file_ref idref="fl-f7"/>
      </object_component>
      <object_component id="oc-494">
         <name>.text:_mcpy</name>
         <load_address>0x18050</load_address>
         <run_address>0x18050</run_address>
         <size>0xc8</size>
         <input_file_ref idref="fl-f7"/>
      </object_component>
      <object_component id="oc-2a5">
         <name>.text:__kernel_cos</name>
         <load_address>0x18118</load_address>
         <run_address>0x18118</run_address>
         <size>0xc4</size>
         <input_file_ref idref="fl-f4"/>
      </object_component>
      <object_component id="oc-6f">
         <name>.text</name>
         <load_address>0x181dc</load_address>
         <run_address>0x181dc</run_address>
         <size>0xc0</size>
         <input_file_ref idref="fl-9"/>
      </object_component>
      <object_component id="oc-299">
         <name>.text:__kernel_sin</name>
         <load_address>0x1829c</load_address>
         <run_address>0x1829c</run_address>
         <size>0xb4</size>
         <input_file_ref idref="fl-f5"/>
      </object_component>
      <object_component id="oc-1b">
         <name>.text:retain</name>
         <load_address>0x18350</load_address>
         <run_address>0x18350</run_address>
         <size>0xb4</size>
         <input_file_ref idref="fl-15"/>
      </object_component>
      <object_component id="oc-c1">
         <name>.text</name>
         <load_address>0x18404</load_address>
         <run_address>0x18404</run_address>
         <size>0xb0</size>
         <input_file_ref idref="fl-e3"/>
      </object_component>
      <object_component id="oc-48e">
         <name>.text:_ecpy</name>
         <load_address>0x184b4</load_address>
         <run_address>0x184b4</run_address>
         <size>0x98</size>
         <input_file_ref idref="fl-f7"/>
      </object_component>
      <object_component id="oc-e">
         <name>.text:decompress:lzss:__TI_decompress_lzss</name>
         <load_address>0x1854c</load_address>
         <run_address>0x1854c</run_address>
         <size>0x90</size>
         <input_file_ref idref="fl-e8"/>
      </object_component>
      <object_component id="oc-4a9">
         <name>.text:frexp</name>
         <load_address>0x185dc</load_address>
         <run_address>0x185dc</run_address>
         <size>0x8c</size>
         <input_file_ref idref="fl-fd"/>
      </object_component>
      <object_component id="oc-393">
         <name>.text:atoi</name>
         <load_address>0x18668</load_address>
         <run_address>0x18668</run_address>
         <size>0x84</size>
         <input_file_ref idref="fl-f8"/>
      </object_component>
      <object_component id="oc-488">
         <name>.text:ltoa</name>
         <load_address>0x186ec</load_address>
         <run_address>0x186ec</run_address>
         <size>0x80</size>
         <input_file_ref idref="fl-fa"/>
      </object_component>
      <object_component id="oc-3a5">
         <name>.text:_pconv_f</name>
         <load_address>0x1876c</load_address>
         <run_address>0x1876c</run_address>
         <size>0x74</size>
         <input_file_ref idref="fl-f7"/>
      </object_component>
      <object_component id="oc-149">
         <name>.text:HOSTclock</name>
         <load_address>0x187e0</load_address>
         <run_address>0x187e0</run_address>
         <size>0x6c</size>
         <input_file_ref idref="fl-ee"/>
      </object_component>
      <object_component id="oc-e4">
         <name>.text:__TI_auto_init_nobinit_nopinit:__TI_auto_init_nobinit_nopinit</name>
         <load_address>0x1884c</load_address>
         <run_address>0x1884c</run_address>
         <size>0x68</size>
         <input_file_ref idref="fl-e4"/>
      </object_component>
      <object_component id="oc-4a1">
         <name>.text:_fcpy</name>
         <load_address>0x188b4</load_address>
         <run_address>0x188b4</run_address>
         <size>0x64</size>
         <input_file_ref idref="fl-f7"/>
      </object_component>
      <object_component id="oc-11a">
         <name>.text:sprintf</name>
         <load_address>0x18918</load_address>
         <run_address>0x18918</run_address>
         <size>0x64</size>
         <input_file_ref idref="fl-ec"/>
      </object_component>
      <object_component id="oc-2d3">
         <name>.text:__TI_readmsg</name>
         <load_address>0x1897c</load_address>
         <run_address>0x1897c</run_address>
         <size>0x54</size>
         <input_file_ref idref="fl-f0"/>
      </object_component>
      <object_component id="oc-2cd">
         <name>.text:__TI_writemsg</name>
         <load_address>0x189d0</load_address>
         <run_address>0x189d0</run_address>
         <size>0x54</size>
         <input_file_ref idref="fl-f0"/>
      </object_component>
      <object_component id="oc-12c">
         <name>.text</name>
         <load_address>0x18a24</load_address>
         <run_address>0x18a24</run_address>
         <size>0x54</size>
         <input_file_ref idref="fl-e1"/>
      </object_component>
      <object_component id="oc-482">
         <name>.text</name>
         <load_address>0x18a78</load_address>
         <run_address>0x18a78</run_address>
         <size>0x50</size>
         <input_file_ref idref="fl-ff"/>
      </object_component>
      <object_component id="oc-13d">
         <name>.text:sqrt</name>
         <load_address>0x18ac8</load_address>
         <run_address>0x18ac8</run_address>
         <size>0x38</size>
         <input_file_ref idref="fl-dd"/>
      </object_component>
      <object_component id="oc-273">
         <name>.text:_outs</name>
         <load_address>0x18b00</load_address>
         <run_address>0x18b00</run_address>
         <size>0x30</size>
         <input_file_ref idref="fl-ec"/>
      </object_component>
      <object_component id="oc-3b7">
         <name>.text:memccpy</name>
         <load_address>0x18b30</load_address>
         <run_address>0x18b30</run_address>
         <size>0x2c</size>
         <input_file_ref idref="fl-fb"/>
      </object_component>
      <object_component id="oc-4af">
         <name>.text:strchr</name>
         <load_address>0x18b5c</load_address>
         <run_address>0x18b5c</run_address>
         <size>0x28</size>
         <input_file_ref idref="fl-fc"/>
      </object_component>
      <object_component id="oc-3bd">
         <name>.text:wcslen</name>
         <load_address>0x18b84</load_address>
         <run_address>0x18b84</run_address>
         <size>0x24</size>
         <input_file_ref idref="fl-fe"/>
      </object_component>
      <object_component id="oc-120">
         <name>.text:strlen</name>
         <load_address>0x18ba8</load_address>
         <run_address>0x18ba8</run_address>
         <size>0x20</size>
         <input_file_ref idref="fl-ed"/>
      </object_component>
      <object_component id="oc-405">
         <name>.text:copysign</name>
         <load_address>0x18bc8</load_address>
         <run_address>0x18bc8</run_address>
         <size>0x1c</size>
         <input_file_ref idref="fl-f2"/>
      </object_component>
      <object_component id="oc-279">
         <name>.text:_outc</name>
         <load_address>0x18be4</load_address>
         <run_address>0x18be4</run_address>
         <size>0x14</size>
         <input_file_ref idref="fl-ec"/>
      </object_component>
      <object_component id="oc-14">
         <name>.text:decompress:none:__TI_decompress_none</name>
         <load_address>0x18bf8</load_address>
         <run_address>0x18bf8</run_address>
         <size>0x14</size>
         <input_file_ref idref="fl-e7"/>
      </object_component>
      <object_component id="oc-64">
         <name>.text:decompress:ZI:__TI_zero_init</name>
         <load_address>0x18c0c</load_address>
         <run_address>0x18c0c</run_address>
         <size>0x10</size>
         <input_file_ref idref="fl-e6"/>
      </object_component>
      <object_component id="oc-2b2">
         <name>.text:__aeabi_errno_addr</name>
         <load_address>0x18c1c</load_address>
         <run_address>0x18c1c</run_address>
         <size>0xc</size>
         <input_file_ref idref="fl-f1"/>
      </object_component>
      <object_component id="oc-1d8">
         <name>.text:abort:abort</name>
         <load_address>0x18c28</load_address>
         <run_address>0x18c28</run_address>
         <size>0x8</size>
         <input_file_ref idref="fl-e9"/>
      </object_component>
      <object_component id="oc-41f">
         <name>.text:_nop</name>
         <load_address>0x18c30</load_address>
         <run_address>0x18c30</run_address>
         <size>0x4</size>
         <input_file_ref idref="fl-ea"/>
      </object_component>
      <object_component id="oc-35">
         <name>.text:retain</name>
         <load_address>0x18c34</load_address>
         <run_address>0x18c34</run_address>
         <size>0x4</size>
         <input_file_ref idref="fl-12"/>
      </object_component>
      <object_component id="oc-293">
         <name>.text</name>
         <load_address>0x18c38</load_address>
         <run_address>0x18c38</run_address>
         <size>0x4</size>
         <input_file_ref idref="fl-f6"/>
      </object_component>
      <object_component id="oc-27">
         <name>.const:s_vim_init</name>
         <load_address>0x18c40</load_address>
         <run_address>0x18c40</run_address>
         <size>0x200</size>
         <input_file_ref idref="fl-16"/>
      </object_component>
      <object_component id="oc-3eb">
         <name>.const:ipio2</name>
         <load_address>0x18e40</load_address>
         <run_address>0x18e40</run_address>
         <size>0x108</size>
         <input_file_ref idref="fl-f3"/>
      </object_component>
      <object_component id="oc-478">
         <name>.const:.string:_ctypes_</name>
         <load_address>0x18f48</load_address>
         <run_address>0x18f48</run_address>
         <size>0x101</size>
         <input_file_ref idref="fl-f9"/>
      </object_component>
      <object_component id="oc-3ee">
         <name>.const:PIo2</name>
         <load_address>0x19050</load_address>
         <run_address>0x19050</run_address>
         <size>0x40</size>
         <input_file_ref idref="fl-f3"/>
      </object_component>
      <object_component id="oc-2be">
         <name>.const:bp</name>
         <load_address>0x19090</load_address>
         <run_address>0x19090</run_address>
         <size>0x10</size>
         <input_file_ref idref="fl-dc"/>
      </object_component>
      <object_component id="oc-2c1">
         <name>.const:dp_h</name>
         <load_address>0x190a0</load_address>
         <run_address>0x190a0</run_address>
         <size>0x10</size>
         <input_file_ref idref="fl-dc"/>
      </object_component>
      <object_component id="oc-2c4">
         <name>.const:dp_l</name>
         <load_address>0x190b0</load_address>
         <run_address>0x190b0</run_address>
         <size>0x10</size>
         <input_file_ref idref="fl-dc"/>
      </object_component>
      <object_component id="oc-3e8">
         <name>.const:init_jk</name>
         <load_address>0x190c0</load_address>
         <run_address>0x190c0</run_address>
         <size>0x10</size>
         <input_file_ref idref="fl-f3"/>
      </object_component>
      <object_component id="oc-1e4">
         <name>.kernelBSS:init</name>
         <load_address>0x80008d0</load_address>
         <run_address>0x80008d0</run_address>
         <size>0x34</size>
         <input_file_ref idref="fl-20"/>
      </object_component>
      <object_component id="oc-353">
         <name>.kernelBSS:uninit</name>
         <load_address>0x8000800</load_address>
         <run_address>0x8000800</run_address>
         <size>0xd0</size>
         <input_file_ref idref="fl-20"/>
      </object_component>
      <object_component id="oc-4fd">
         <name>.kernelHEAP</name>
         <uninitialized>true</uninitialized>
         <run_address>0x8001000</run_address>
         <size>0x4000</size>
         <input_file_ref idref="fl-1a"/>
      </object_component>
      <object_component id="oc-268">
         <name>.bss:g_i2cTransfer_t</name>
         <uninitialized>true</uninitialized>
         <run_address>0x8005218</run_address>
         <size>0x18</size>
         <input_file_ref idref="fl-7"/>
      </object_component>
      <object_component id="oc-28e">
         <name>.bss:g_sciTransfer_t</name>
         <uninitialized>true</uninitialized>
         <run_address>0x8005120</run_address>
         <size>0x50</size>
         <input_file_ref idref="fl-b"/>
      </object_component>
      <object_component id="oc-44c">
         <name>.bss:xStart</name>
         <uninitialized>true</uninitialized>
         <run_address>0x800523c</run_address>
         <size>0x8</size>
         <input_file_ref idref="fl-1a"/>
      </object_component>
      <object_component id="oc-419">
         <name>.bss:_CIOBUF_</name>
         <uninitialized>true</uninitialized>
         <run_address>0x8005000</run_address>
         <size>0x120</size>
         <input_file_ref idref="fl-f0"/>
      </object_component>
      <object_component id="oc-16e">
         <name>.common:pitch</name>
         <uninitialized>true</uninitialized>
         <run_address>0x800532c</run_address>
         <size>0x4</size>
      </object_component>
      <object_component id="oc-16d">
         <name>.common:roll</name>
         <uninitialized>true</uninitialized>
         <run_address>0x8005350</run_address>
         <size>0x4</size>
      </object_component>
      <object_component id="oc-16f">
         <name>.common:yaw</name>
         <uninitialized>true</uninitialized>
         <run_address>0x8005388</run_address>
         <size>0x4</size>
      </object_component>
      <object_component id="oc-16a">
         <name>.common:set_gyro_angles</name>
         <uninitialized>true</uninitialized>
         <run_address>0x8005399</run_address>
         <size>0x1</size>
      </object_component>
      <object_component id="oc-177">
         <name>.common:init_pitch</name>
         <uninitialized>true</uninitialized>
         <run_address>0x80052f8</run_address>
         <size>0x4</size>
      </object_component>
      <object_component id="oc-178">
         <name>.common:init_roll</name>
         <uninitialized>true</uninitialized>
         <run_address>0x80052fc</run_address>
         <size>0x4</size>
      </object_component>
      <object_component id="oc-179">
         <name>.common:init_yaw</name>
         <uninitialized>true</uninitialized>
         <run_address>0x8005300</run_address>
         <size>0x4</size>
      </object_component>
      <object_component id="oc-190">
         <name>.common:real_elev</name>
         <uninitialized>true</uninitialized>
         <run_address>0x8005348</run_address>
         <size>0x4</size>
      </object_component>
      <object_component id="oc-18e">
         <name>.common:real_rudd</name>
         <uninitialized>true</uninitialized>
         <run_address>0x800534c</run_address>
         <size>0x4</size>
      </object_component>
      <object_component id="oc-192">
         <name>.common:real_ail</name>
         <uninitialized>true</uninitialized>
         <run_address>0x8005344</run_address>
         <size>0x4</size>
      </object_component>
      <object_component id="oc-17e">
         <name>.common:throttle</name>
         <uninitialized>true</uninitialized>
         <run_address>0x800537c</run_address>
         <size>0x4</size>
      </object_component>
      <object_component id="oc-18d">
         <name>.common:pid_roll_setpoint</name>
         <uninitialized>true</uninitialized>
         <run_address>0x8005324</run_address>
         <size>0x4</size>
      </object_component>
      <object_component id="oc-162">
         <name>.common:gyro_roll_input</name>
         <uninitialized>true</uninitialized>
         <run_address>0x80052e4</run_address>
         <size>0x4</size>
      </object_component>
      <object_component id="oc-18f">
         <name>.common:pid_pitch_setpoint</name>
         <uninitialized>true</uninitialized>
         <run_address>0x8005320</run_address>
         <size>0x4</size>
      </object_component>
      <object_component id="oc-163">
         <name>.common:gyro_pitch_input</name>
         <uninitialized>true</uninitialized>
         <run_address>0x80052e0</run_address>
         <size>0x4</size>
      </object_component>
      <object_component id="oc-191">
         <name>.common:pid_yaw_setpoint</name>
         <uninitialized>true</uninitialized>
         <run_address>0x8005328</run_address>
         <size>0x4</size>
      </object_component>
      <object_component id="oc-164">
         <name>.common:gyro_yaw_input</name>
         <uninitialized>true</uninitialized>
         <run_address>0x80052f0</run_address>
         <size>0x4</size>
      </object_component>
      <object_component id="oc-171">
         <name>.common:roll_level_adjust</name>
         <uninitialized>true</uninitialized>
         <run_address>0x800535c</run_address>
         <size>0x4</size>
      </object_component>
      <object_component id="oc-170">
         <name>.common:pitch_level_adjust</name>
         <uninitialized>true</uninitialized>
         <run_address>0x8005338</run_address>
         <size>0x4</size>
      </object_component>
      <object_component id="oc-156">
         <name>.common:aRes</name>
         <uninitialized>true</uninitialized>
         <run_address>0x80052b0</run_address>
         <size>0x4</size>
      </object_component>
      <object_component id="oc-155">
         <name>.common:gRes</name>
         <uninitialized>true</uninitialized>
         <run_address>0x80052dc</run_address>
         <size>0x4</size>
      </object_component>
      <object_component id="oc-14f">
         <name>.common:mRes</name>
         <uninitialized>true</uninitialized>
         <run_address>0x8005308</run_address>
         <size>0x4</size>
      </object_component>
      <object_component id="oc-15d">
         <name>.common:g_xyz</name>
         <uninitialized>true</uninitialized>
         <run_address>0x8005270</run_address>
         <size>0x8</size>
      </object_component>
      <object_component id="oc-174">
         <name>.common:avr_roll</name>
         <uninitialized>true</uninitialized>
         <run_address>0x80052d4</run_address>
         <size>0x4</size>
      </object_component>
      <object_component id="oc-175">
         <name>.common:avr_pitch</name>
         <uninitialized>true</uninitialized>
         <run_address>0x80052d0</run_address>
         <size>0x4</size>
      </object_component>
      <object_component id="oc-176">
         <name>.common:avr_yaw</name>
         <uninitialized>true</uninitialized>
         <run_address>0x80052d8</run_address>
         <size>0x4</size>
      </object_component>
      <object_component id="oc-15e">
         <name>.common:gyro_x_cal</name>
         <uninitialized>true</uninitialized>
         <run_address>0x80052e8</run_address>
         <size>0x4</size>
      </object_component>
      <object_component id="oc-15f">
         <name>.common:gyro_y_cal</name>
         <uninitialized>true</uninitialized>
         <run_address>0x80052ec</run_address>
         <size>0x4</size>
      </object_component>
      <object_component id="oc-160">
         <name>.common:gyro_z_cal</name>
         <uninitialized>true</uninitialized>
         <run_address>0x80052f4</run_address>
         <size>0x4</size>
      </object_component>
      <object_component id="oc-161">
         <name>.common:a_xyz</name>
         <uninitialized>true</uninitialized>
         <run_address>0x8005258</run_address>
         <size>0x8</size>
      </object_component>
      <object_component id="oc-167">
         <name>.common:acc_total_vector</name>
         <uninitialized>true</uninitialized>
         <run_address>0x80052b4</run_address>
         <size>0x4</size>
      </object_component>
      <object_component id="oc-169">
         <name>.common:angle_roll_acc</name>
         <uninitialized>true</uninitialized>
         <run_address>0x80052c8</run_address>
         <size>0x4</size>
      </object_component>
      <object_component id="oc-168">
         <name>.common:angle_pitch_acc</name>
         <uninitialized>true</uninitialized>
         <run_address>0x80052bc</run_address>
         <size>0x4</size>
      </object_component>
      <object_component id="oc-165">
         <name>.common:angle_pitch</name>
         <uninitialized>true</uninitialized>
         <run_address>0x80052b8</run_address>
         <size>0x4</size>
      </object_component>
      <object_component id="oc-166">
         <name>.common:angle_roll</name>
         <uninitialized>true</uninitialized>
         <run_address>0x80052c4</run_address>
         <size>0x4</size>
      </object_component>
      <object_component id="oc-16b">
         <name>.common:angle_pitch_output</name>
         <uninitialized>true</uninitialized>
         <run_address>0x80052c0</run_address>
         <size>0x4</size>
      </object_component>
      <object_component id="oc-16c">
         <name>.common:angle_roll_output</name>
         <uninitialized>true</uninitialized>
         <run_address>0x80052cc</run_address>
         <size>0x4</size>
      </object_component>
      <object_component id="oc-180">
         <name>.common:roll_angle_in</name>
         <uninitialized>true</uninitialized>
         <run_address>0x8005354</run_address>
         <size>0x4</size>
      </object_component>
      <object_component id="oc-181">
         <name>.common:roll_rate_in</name>
         <uninitialized>true</uninitialized>
         <run_address>0x8005364</run_address>
         <size>0x4</size>
      </object_component>
      <object_component id="oc-182">
         <name>.common:roll_rate_iterm</name>
         <uninitialized>true</uninitialized>
         <run_address>0x8005368</run_address>
         <size>0x4</size>
      </object_component>
      <object_component id="oc-17f">
         <name>.common:roll_output</name>
         <uninitialized>true</uninitialized>
         <run_address>0x8005360</run_address>
         <size>0x4</size>
      </object_component>
      <object_component id="oc-183">
         <name>.common:pitch_angle_in</name>
         <uninitialized>true</uninitialized>
         <run_address>0x8005330</run_address>
         <size>0x4</size>
      </object_component>
      <object_component id="oc-184">
         <name>.common:pitch_rate_in</name>
         <uninitialized>true</uninitialized>
         <run_address>0x800533c</run_address>
         <size>0x4</size>
      </object_component>
      <object_component id="oc-185">
         <name>.common:yaw_angle_in</name>
         <uninitialized>true</uninitialized>
         <run_address>0x800538c</run_address>
         <size>0x4</size>
      </object_component>
      <object_component id="oc-186">
         <name>.common:yaw_rate_in</name>
         <uninitialized>true</uninitialized>
         <run_address>0x8005394</run_address>
         <size>0x4</size>
      </object_component>
      <object_component id="oc-17a">
         <name>.common:motorA_PWM</name>
         <uninitialized>true</uninitialized>
         <run_address>0x800530c</run_address>
         <size>0x4</size>
      </object_component>
      <object_component id="oc-17b">
         <name>.common:motorB_PWM</name>
         <uninitialized>true</uninitialized>
         <run_address>0x8005310</run_address>
         <size>0x4</size>
      </object_component>
      <object_component id="oc-17c">
         <name>.common:motorC_PWM</name>
         <uninitialized>true</uninitialized>
         <run_address>0x8005314</run_address>
         <size>0x4</size>
      </object_component>
      <object_component id="oc-17d">
         <name>.common:motorD_PWM</name>
         <uninitialized>true</uninitialized>
         <run_address>0x8005318</run_address>
         <size>0x4</size>
      </object_component>
      <object_component id="oc-173">
         <name>.common:t_now</name>
         <uninitialized>true</uninitialized>
         <run_address>0x8005370</run_address>
         <size>0x4</size>
      </object_component>
      <object_component id="oc-172">
         <name>.common:t_prev</name>
         <uninitialized>true</uninitialized>
         <run_address>0x8005374</run_address>
         <size>0x4</size>
      </object_component>
      <object_component id="oc-1a6">
         <name>.common:altitude</name>
         <uninitialized>true</uninitialized>
         <run_address>0x8005260</run_address>
         <size>0x8</size>
      </object_component>
      <object_component id="oc-1a8">
         <name>.common:last_altitude</name>
         <uninitialized>true</uninitialized>
         <run_address>0x8005278</run_address>
         <size>0x8</size>
      </object_component>
      <object_component id="oc-1a7">
         <name>.common:dot_altitude</name>
         <uninitialized>true</uninitialized>
         <run_address>0x8005268</run_address>
         <size>0x8</size>
      </object_component>
      <object_component id="oc-1a5">
         <name>.common:pressure</name>
         <uninitialized>true</uninitialized>
         <run_address>0x8005340</run_address>
         <size>0x4</size>
      </object_component>
      <object_component id="oc-195">
         <name>.common:fc</name>
         <uninitialized>true</uninitialized>
         <run_address>0x8005230</run_address>
         <size>0xc</size>
      </object_component>
      <object_component id="oc-193">
         <name>.common:ct</name>
         <uninitialized>true</uninitialized>
         <run_address>0x8005398</run_address>
         <size>0x1</size>
      </object_component>
      <object_component id="oc-194">
         <name>.common:uosr</name>
         <uninitialized>true</uninitialized>
         <run_address>0x800539a</run_address>
         <size>0x1</size>
      </object_component>
      <object_component id="oc-1a4">
         <name>.common:TEMP2</name>
         <uninitialized>true</uninitialized>
         <run_address>0x80052ac</run_address>
         <size>0x4</size>
      </object_component>
      <object_component id="oc-1a2">
         <name>.common:OFF2</name>
         <uninitialized>true</uninitialized>
         <run_address>0x8005248</run_address>
         <size>0x8</size>
      </object_component>
      <object_component id="oc-1a3">
         <name>.common:SENS2</name>
         <uninitialized>true</uninitialized>
         <run_address>0x8005250</run_address>
         <size>0x8</size>
      </object_component>
      <object_component id="oc-1a9">
         <name>.common:u</name>
         <uninitialized>true</uninitialized>
         <run_address>0x8005380</run_address>
         <size>0x4</size>
      </object_component>
      <object_component id="oc-1aa">
         <name>.common:y</name>
         <uninitialized>true</uninitialized>
         <run_address>0x8005384</run_address>
         <size>0x4</size>
      </object_component>
      <object_component id="oc-1ac">
         <name>.common:s_00</name>
         <uninitialized>true</uninitialized>
         <run_address>0x800536c</run_address>
         <size>0x4</size>
      </object_component>
      <object_component id="oc-1ab">
         <name>.common:inn_00</name>
         <uninitialized>true</uninitialized>
         <run_address>0x8005304</run_address>
         <size>0x4</size>
      </object_component>
      <object_component id="oc-1b1">
         <name>.common:K_00</name>
         <uninitialized>true</uninitialized>
         <run_address>0x80052a4</run_address>
         <size>0x4</size>
      </object_component>
      <object_component id="oc-1b2">
         <name>.common:K_10</name>
         <uninitialized>true</uninitialized>
         <run_address>0x80052a8</run_address>
         <size>0x4</size>
      </object_component>
      <object_component id="oc-1ad">
         <name>.common:AP_00</name>
         <uninitialized>true</uninitialized>
         <run_address>0x8005294</run_address>
         <size>0x4</size>
      </object_component>
      <object_component id="oc-1ae">
         <name>.common:AP_01</name>
         <uninitialized>true</uninitialized>
         <run_address>0x8005298</run_address>
         <size>0x4</size>
      </object_component>
      <object_component id="oc-1af">
         <name>.common:AP_10</name>
         <uninitialized>true</uninitialized>
         <run_address>0x800529c</run_address>
         <size>0x4</size>
      </object_component>
      <object_component id="oc-1b0">
         <name>.common:AP_11</name>
         <uninitialized>true</uninitialized>
         <run_address>0x80052a0</run_address>
         <size>0x4</size>
      </object_component>
      <object_component id="oc-1b3">
         <name>.common:APAT_00</name>
         <uninitialized>true</uninitialized>
         <run_address>0x8005244</run_address>
         <size>0x4</size>
      </object_component>
      <object_component id="oc-1b4">
         <name>.common:APAT_01</name>
         <uninitialized>true</uninitialized>
         <run_address>0x8005288</run_address>
         <size>0x4</size>
      </object_component>
      <object_component id="oc-1b5">
         <name>.common:APAT_10</name>
         <uninitialized>true</uninitialized>
         <run_address>0x800528c</run_address>
         <size>0x4</size>
      </object_component>
      <object_component id="oc-1b6">
         <name>.common:APAT_11</name>
         <uninitialized>true</uninitialized>
         <run_address>0x8005290</run_address>
         <size>0x4</size>
      </object_component>
      <object_component id="oc-1b9">
         <name>.common:roll_kalman_state</name>
         <uninitialized>true</uninitialized>
         <run_address>0x80051a8</run_address>
         <size>0x38</size>
      </object_component>
      <object_component id="oc-1bb">
         <name>.common:pitch_kalman_state</name>
         <uninitialized>true</uninitialized>
         <run_address>0x8005170</run_address>
         <size>0x38</size>
      </object_component>
      <object_component id="oc-1bd">
         <name>.common:yaw_kalman_state</name>
         <uninitialized>true</uninitialized>
         <run_address>0x80051e0</run_address>
         <size>0x38</size>
      </object_component>
      <object_component id="oc-1b8">
         <name>.common:roll_kalman_output</name>
         <uninitialized>true</uninitialized>
         <run_address>0x8005358</run_address>
         <size>0x4</size>
      </object_component>
      <object_component id="oc-1ba">
         <name>.common:pitch_kalman_output</name>
         <uninitialized>true</uninitialized>
         <run_address>0x8005334</run_address>
         <size>0x4</size>
      </object_component>
      <object_component id="oc-1bc">
         <name>.common:yaw_kalman_output</name>
         <uninitialized>true</uninitialized>
         <run_address>0x8005390</run_address>
         <size>0x4</size>
      </object_component>
      <object_component id="oc-1c7">
         <name>.common:task_MPU9250_handle</name>
         <uninitialized>true</uninitialized>
         <run_address>0x8005378</run_address>
         <size>0x4</size>
      </object_component>
      <object_component id="oc-1b7">
         <name>.common:mutex</name>
         <uninitialized>true</uninitialized>
         <run_address>0x800531c</run_address>
         <size>0x4</size>
      </object_component>
      <object_component id="oc-2dc">
         <name>.common:parmbuf</name>
         <uninitialized>true</uninitialized>
         <run_address>0x8005280</run_address>
         <size>0x8</size>
      </object_component>
      <object_component id="oc-152">
         <name>.data</name>
         <load_address>0x800539c</load_address>
         <run_address>0x800539c</run_address>
         <size>0xb4</size>
         <input_file_ref idref="fl-f"/>
      </object_component>
      <object_component id="oc-1c4">
         <name>.data:magCalibration</name>
         <load_address>0x8005478</load_address>
         <run_address>0x8005478</run_address>
         <size>0xc</size>
         <input_file_ref idref="fl-f"/>
      </object_component>
      <object_component id="oc-1be">
         <name>.data:gyroBias</name>
         <load_address>0x800546c</load_address>
         <run_address>0x800546c</run_address>
         <size>0xc</size>
         <input_file_ref idref="fl-f"/>
      </object_component>
      <object_component id="oc-1c1">
         <name>.data:accelBias</name>
         <load_address>0x8005460</load_address>
         <run_address>0x8005460</run_address>
         <size>0xc</size>
         <input_file_ref idref="fl-f"/>
      </object_component>
      <object_component id="oc-449">
         <name>.data</name>
         <load_address>0x8005450</load_address>
         <run_address>0x8005450</run_address>
         <size>0x10</size>
         <input_file_ref idref="fl-1a"/>
      </object_component>
      <object_component id="oc-1e7">
         <name>.data</name>
         <load_address>0x800548c</load_address>
         <run_address>0x800548c</run_address>
         <size>0x8</size>
         <input_file_ref idref="fl-1d"/>
      </object_component>
      <object_component id="oc-2d9">
         <name>.data:$O1$$</name>
         <load_address>0x8005484</load_address>
         <run_address>0x8005484</run_address>
         <size>0x8</size>
         <input_file_ref idref="fl-ea"/>
      </object_component>
      <object_component id="oc-400">
         <name>.data</name>
         <load_address>0x8005494</load_address>
         <run_address>0x8005494</run_address>
         <size>0x4</size>
         <input_file_ref idref="fl-f1"/>
      </object_component>
      <object_component id="oc-21a">
         <name>.debug_info</name>
         <load_address>0x0</load_address>
         <run_address>0x0</run_address>
         <size>0x304</size>
         <input_file_ref idref="fl-2"/>
      </object_component>
      <object_component id="oc-197">
         <name>.debug_info</name>
         <load_address>0x304</load_address>
         <run_address>0x304</run_address>
         <size>0x17f6</size>
         <input_file_ref idref="fl-2"/>
      </object_component>
      <object_component id="oc-22">
         <name>.debug_info</name>
         <load_address>0x1afa</load_address>
         <run_address>0x1afa</run_address>
         <size>0x453</size>
         <input_file_ref idref="fl-2"/>
      </object_component>
      <object_component id="oc-33c">
         <name>.debug_info</name>
         <load_address>0x1f4d</load_address>
         <run_address>0x1f4d</run_address>
         <size>0x359</size>
         <input_file_ref idref="fl-2"/>
      </object_component>
      <object_component id="oc-1ed">
         <name>.debug_info</name>
         <load_address>0x22a6</load_address>
         <run_address>0x22a6</run_address>
         <size>0x26b</size>
         <input_file_ref idref="fl-2"/>
      </object_component>
      <object_component id="oc-90">
         <name>.debug_info</name>
         <load_address>0x2511</load_address>
         <run_address>0x2511</run_address>
         <size>0x157</size>
         <input_file_ref idref="fl-2"/>
      </object_component>
      <object_component id="oc-1c9">
         <name>.debug_info</name>
         <load_address>0x2668</load_address>
         <run_address>0x2668</run_address>
         <size>0x8b</size>
         <input_file_ref idref="fl-2"/>
      </object_component>
      <object_component id="oc-a1">
         <name>.debug_info</name>
         <load_address>0x26f3</load_address>
         <run_address>0x26f3</run_address>
         <size>0x18c</size>
         <input_file_ref idref="fl-2"/>
      </object_component>
      <object_component id="oc-35e">
         <name>.debug_info</name>
         <load_address>0x287f</load_address>
         <run_address>0x287f</run_address>
         <size>0x297</size>
         <input_file_ref idref="fl-2"/>
      </object_component>
      <object_component id="oc-1ce">
         <name>.debug_info</name>
         <load_address>0x2b16</load_address>
         <run_address>0x2b16</run_address>
         <size>0xbb</size>
         <input_file_ref idref="fl-2"/>
      </object_component>
      <object_component id="oc-a6">
         <name>.debug_info</name>
         <load_address>0x2bd1</load_address>
         <run_address>0x2bd1</run_address>
         <size>0x86</size>
         <input_file_ref idref="fl-2"/>
      </object_component>
      <object_component id="oc-231">
         <name>.debug_info</name>
         <load_address>0x2c57</load_address>
         <run_address>0x2c57</run_address>
         <size>0x152</size>
         <input_file_ref idref="fl-2"/>
      </object_component>
      <object_component id="oc-210">
         <name>.debug_info</name>
         <load_address>0x2da9</load_address>
         <run_address>0x2da9</run_address>
         <size>0x36d</size>
         <input_file_ref idref="fl-2"/>
      </object_component>
      <object_component id="oc-36e">
         <name>.debug_info</name>
         <load_address>0x3116</load_address>
         <run_address>0x3116</run_address>
         <size>0x384</size>
         <input_file_ref idref="fl-3"/>
      </object_component>
      <object_component id="oc-d6">
         <name>.debug_info</name>
         <load_address>0x349a</load_address>
         <run_address>0x349a</run_address>
         <size>0x429</size>
         <input_file_ref idref="fl-3"/>
      </object_component>
      <object_component id="oc-1f2">
         <name>.debug_info</name>
         <load_address>0x38c3</load_address>
         <run_address>0x38c3</run_address>
         <size>0x102</size>
         <input_file_ref idref="fl-3"/>
      </object_component>
      <object_component id="oc-236">
         <name>.debug_info</name>
         <load_address>0x39c5</load_address>
         <run_address>0x39c5</run_address>
         <size>0x142</size>
         <input_file_ref idref="fl-3"/>
      </object_component>
      <object_component id="oc-1f7">
         <name>.debug_info</name>
         <load_address>0x3b07</load_address>
         <run_address>0x3b07</run_address>
         <size>0x285</size>
         <input_file_ref idref="fl-3"/>
      </object_component>
      <object_component id="oc-1fc">
         <name>.debug_info</name>
         <load_address>0x3d8c</load_address>
         <run_address>0x3d8c</run_address>
         <size>0x44a</size>
         <input_file_ref idref="fl-3"/>
      </object_component>
      <object_component id="oc-201">
         <name>.debug_info</name>
         <load_address>0x41d6</load_address>
         <run_address>0x41d6</run_address>
         <size>0x1f9</size>
         <input_file_ref idref="fl-3"/>
      </object_component>
      <object_component id="oc-206">
         <name>.debug_info</name>
         <load_address>0x43cf</load_address>
         <run_address>0x43cf</run_address>
         <size>0x152</size>
         <input_file_ref idref="fl-3"/>
      </object_component>
      <object_component id="oc-20b">
         <name>.debug_info</name>
         <load_address>0x4521</load_address>
         <run_address>0x4521</run_address>
         <size>0x70a</size>
         <input_file_ref idref="fl-3"/>
      </object_component>
      <object_component id="oc-e2">
         <name>.debug_info</name>
         <load_address>0x4c2b</load_address>
         <run_address>0x4c2b</run_address>
         <size>0x350</size>
         <input_file_ref idref="fl-5"/>
      </object_component>
      <object_component id="oc-7c">
         <name>.debug_info</name>
         <load_address>0x4f7b</load_address>
         <run_address>0x4f7b</run_address>
         <size>0x10c5</size>
         <input_file_ref idref="fl-5"/>
      </object_component>
      <object_component id="oc-2b">
         <name>.debug_info</name>
         <load_address>0x6040</load_address>
         <run_address>0x6040</run_address>
         <size>0x1ad</size>
         <input_file_ref idref="fl-5"/>
      </object_component>
      <object_component id="oc-dd">
         <name>.debug_info</name>
         <load_address>0x61ed</load_address>
         <run_address>0x61ed</run_address>
         <size>0x168</size>
         <input_file_ref idref="fl-5"/>
      </object_component>
      <object_component id="oc-31c">
         <name>.debug_info</name>
         <load_address>0x6355</load_address>
         <run_address>0x6355</run_address>
         <size>0x30c</size>
         <input_file_ref idref="fl-6"/>
      </object_component>
      <object_component id="oc-158">
         <name>.debug_info</name>
         <load_address>0x6661</load_address>
         <run_address>0x6661</run_address>
         <size>0x2873</size>
         <input_file_ref idref="fl-6"/>
      </object_component>
      <object_component id="oc-31d">
         <name>.debug_info</name>
         <load_address>0x8ed4</load_address>
         <run_address>0x8ed4</run_address>
         <size>0xc6d</size>
         <input_file_ref idref="fl-6"/>
      </object_component>
      <object_component id="oc-23b">
         <name>.debug_info</name>
         <load_address>0x9b41</load_address>
         <run_address>0x9b41</run_address>
         <size>0x396</size>
         <input_file_ref idref="fl-6"/>
      </object_component>
      <object_component id="oc-252">
         <name>.debug_info</name>
         <load_address>0x9ed7</load_address>
         <run_address>0x9ed7</run_address>
         <size>0x199</size>
         <input_file_ref idref="fl-6"/>
      </object_component>
      <object_component id="oc-26c">
         <name>.debug_info</name>
         <load_address>0xa070</load_address>
         <run_address>0xa070</run_address>
         <size>0x2ce</size>
         <input_file_ref idref="fl-7"/>
      </object_component>
      <object_component id="oc-269">
         <name>.debug_info</name>
         <load_address>0xa33e</load_address>
         <run_address>0xa33e</run_address>
         <size>0xea</size>
         <input_file_ref idref="fl-7"/>
      </object_component>
      <object_component id="oc-115">
         <name>.debug_info</name>
         <load_address>0xa428</load_address>
         <run_address>0xa428</run_address>
         <size>0x1178</size>
         <input_file_ref idref="fl-7"/>
      </object_component>
      <object_component id="oc-389">
         <name>.debug_info</name>
         <load_address>0xb5a0</load_address>
         <run_address>0xb5a0</run_address>
         <size>0x69</size>
         <input_file_ref idref="fl-7"/>
      </object_component>
      <object_component id="oc-240">
         <name>.debug_info</name>
         <load_address>0xb609</load_address>
         <run_address>0xb609</run_address>
         <size>0x26a</size>
         <input_file_ref idref="fl-7"/>
      </object_component>
      <object_component id="oc-38e">
         <name>.debug_info</name>
         <load_address>0xb873</load_address>
         <run_address>0xb873</run_address>
         <size>0x34f</size>
         <input_file_ref idref="fl-7"/>
      </object_component>
      <object_component id="oc-c9">
         <name>.debug_info</name>
         <load_address>0xbbc2</load_address>
         <run_address>0xbbc2</run_address>
         <size>0x3ce</size>
         <input_file_ref idref="fl-9"/>
      </object_component>
      <object_component id="oc-70">
         <name>.debug_info</name>
         <load_address>0xbf90</load_address>
         <run_address>0xbf90</run_address>
         <size>0x900</size>
         <input_file_ref idref="fl-9"/>
      </object_component>
      <object_component id="oc-22c">
         <name>.debug_info</name>
         <load_address>0xc890</load_address>
         <run_address>0xc890</run_address>
         <size>0xadd</size>
         <input_file_ref idref="fl-9"/>
      </object_component>
      <object_component id="oc-ca">
         <name>.debug_info</name>
         <load_address>0xd36d</load_address>
         <run_address>0xd36d</run_address>
         <size>0x6eb</size>
         <input_file_ref idref="fl-9"/>
      </object_component>
      <object_component id="oc-245">
         <name>.debug_info</name>
         <load_address>0xda58</load_address>
         <run_address>0xda58</run_address>
         <size>0x243</size>
         <input_file_ref idref="fl-9"/>
      </object_component>
      <object_component id="oc-3e0">
         <name>.debug_info</name>
         <load_address>0xdc9b</load_address>
         <run_address>0xdc9b</run_address>
         <size>0x18e</size>
         <input_file_ref idref="fl-9"/>
      </object_component>
      <object_component id="oc-d0">
         <name>.debug_info</name>
         <load_address>0xde29</load_address>
         <run_address>0xde29</run_address>
         <size>0x121</size>
         <input_file_ref idref="fl-a"/>
      </object_component>
      <object_component id="oc-292">
         <name>.debug_info</name>
         <load_address>0xdf4a</load_address>
         <run_address>0xdf4a</run_address>
         <size>0x302</size>
         <input_file_ref idref="fl-b"/>
      </object_component>
      <object_component id="oc-28f">
         <name>.debug_info</name>
         <load_address>0xe24c</load_address>
         <run_address>0xe24c</run_address>
         <size>0xea</size>
         <input_file_ref idref="fl-b"/>
      </object_component>
      <object_component id="oc-127">
         <name>.debug_info</name>
         <load_address>0xe336</load_address>
         <run_address>0xe336</run_address>
         <size>0xf0c</size>
         <input_file_ref idref="fl-b"/>
      </object_component>
      <object_component id="oc-3db">
         <name>.debug_info</name>
         <load_address>0xf242</load_address>
         <run_address>0xf242</run_address>
         <size>0x91</size>
         <input_file_ref idref="fl-b"/>
      </object_component>
      <object_component id="oc-6b">
         <name>.debug_info</name>
         <load_address>0xf2d3</load_address>
         <run_address>0xf2d3</run_address>
         <size>0x817</size>
         <input_file_ref idref="fl-c"/>
      </object_component>
      <object_component id="oc-31">
         <name>.debug_info</name>
         <load_address>0xfaea</load_address>
         <run_address>0xfaea</run_address>
         <size>0x10d</size>
         <input_file_ref idref="fl-e"/>
      </object_component>
      <object_component id="oc-150">
         <name>.debug_info</name>
         <load_address>0xfbf7</load_address>
         <run_address>0xfbf7</run_address>
         <size>0x1c99</size>
         <input_file_ref idref="fl-f"/>
      </object_component>
      <object_component id="oc-153">
         <name>.debug_info</name>
         <load_address>0x11890</load_address>
         <run_address>0x11890</run_address>
         <size>0x7e9</size>
         <input_file_ref idref="fl-f"/>
      </object_component>
      <object_component id="oc-1c5">
         <name>.debug_info</name>
         <load_address>0x12079</load_address>
         <run_address>0x12079</run_address>
         <size>0xef</size>
         <input_file_ref idref="fl-f"/>
      </object_component>
      <object_component id="oc-1bf">
         <name>.debug_info</name>
         <load_address>0x12168</load_address>
         <run_address>0x12168</run_address>
         <size>0xe3</size>
         <input_file_ref idref="fl-f"/>
      </object_component>
      <object_component id="oc-1c2">
         <name>.debug_info</name>
         <load_address>0x1224b</load_address>
         <run_address>0x1224b</run_address>
         <size>0xe5</size>
         <input_file_ref idref="fl-f"/>
      </object_component>
      <object_component id="oc-88">
         <name>.debug_info</name>
         <load_address>0x12330</load_address>
         <run_address>0x12330</run_address>
         <size>0x46f4</size>
         <input_file_ref idref="fl-f"/>
      </object_component>
      <object_component id="oc-2ec">
         <name>.debug_info</name>
         <load_address>0x16a24</load_address>
         <run_address>0x16a24</run_address>
         <size>0x30c</size>
         <input_file_ref idref="fl-f"/>
      </object_component>
      <object_component id="oc-1d3">
         <name>.debug_info</name>
         <load_address>0x16d30</load_address>
         <run_address>0x16d30</run_address>
         <size>0x63</size>
         <input_file_ref idref="fl-f"/>
      </object_component>
      <object_component id="oc-30f">
         <name>.debug_info</name>
         <load_address>0x16d93</load_address>
         <run_address>0x16d93</run_address>
         <size>0x189</size>
         <input_file_ref idref="fl-f"/>
      </object_component>
      <object_component id="oc-305">
         <name>.debug_info</name>
         <load_address>0x16f1c</load_address>
         <run_address>0x16f1c</run_address>
         <size>0x379</size>
         <input_file_ref idref="fl-f"/>
      </object_component>
      <object_component id="oc-2e7">
         <name>.debug_info</name>
         <load_address>0x17295</load_address>
         <run_address>0x17295</run_address>
         <size>0xe1</size>
         <input_file_ref idref="fl-f"/>
      </object_component>
      <object_component id="oc-30a">
         <name>.debug_info</name>
         <load_address>0x17376</load_address>
         <run_address>0x17376</run_address>
         <size>0x46</size>
         <input_file_ref idref="fl-f"/>
      </object_component>
      <object_component id="oc-314">
         <name>.debug_info</name>
         <load_address>0x173bc</load_address>
         <run_address>0x173bc</run_address>
         <size>0x2c</size>
         <input_file_ref idref="fl-f"/>
      </object_component>
      <object_component id="oc-222">
         <name>.debug_info</name>
         <load_address>0x173e8</load_address>
         <run_address>0x173e8</run_address>
         <size>0x2c</size>
         <input_file_ref idref="fl-f"/>
      </object_component>
      <object_component id="oc-281">
         <name>.debug_info</name>
         <load_address>0x17414</load_address>
         <run_address>0x17414</run_address>
         <size>0x2c</size>
         <input_file_ref idref="fl-f"/>
      </object_component>
      <object_component id="oc-2f1">
         <name>.debug_info</name>
         <load_address>0x17440</load_address>
         <run_address>0x17440</run_address>
         <size>0x152</size>
         <input_file_ref idref="fl-f"/>
      </object_component>
      <object_component id="oc-2f6">
         <name>.debug_info</name>
         <load_address>0x17592</load_address>
         <run_address>0x17592</run_address>
         <size>0x35</size>
         <input_file_ref idref="fl-f"/>
      </object_component>
      <object_component id="oc-2fb">
         <name>.debug_info</name>
         <load_address>0x175c7</load_address>
         <run_address>0x175c7</run_address>
         <size>0x3d3</size>
[...]
         <value>0x36d4</value>
         <object_component_ref idref="oc-328"/>
      </symbol>
      <symbol id="sm-c2b">
         <name>uxQueueSpacesAvailable</name>
         <value>0x3948</value>
         <object_component_ref idref="oc-328"/>
      </symbol>
      <symbol id="sm-c2c">
         <name>xQueueGiveFromISR</name>
         <value>0x3290</value>
         <object_component_ref idref="oc-328"/>
      </symbol>
      <symbol id="sm-c2d">
         <name>uxQueueMessagesWaitingFromISR</name>
         <value>0x3994</value>
         <object_component_ref idref="oc-328"/>
      </symbol>
      <symbol id="sm-c2e">
         <name>xQueueGenericReceive</name>
         <value>0x33fc</value>
         <object_component_ref idref="oc-328"/>
      </symbol>
      <symbol id="sm-c2f">
         <name>vQueueDelete</name>
         <value>0x39c4</value>
         <object_component_ref idref="oc-328"/>
      </symbol>
      <symbol id="sm-e19">
         <name>xTaskCreateRestricted</name>
         <value>0x20</value>
         <object_component_ref idref="oc-19c"/>
      </symbol>
      <symbol id="sm-e1a">
         <name>vTaskDelay</name>
         <value>0x80c</value>
         <object_component_ref idref="oc-19c"/>
      </symbol>
      <symbol id="sm-e1b">
         <name>vTaskSuspendAll</name>
         <value>0x10a0</value>
         <object_component_ref idref="oc-19c"/>
      </symbol>
      <symbol id="sm-e1c">
         <name>vTaskPlaceOnEventList</name>
         <value>0x1ad0</value>
         <object_component_ref idref="oc-19c"/>
      </symbol>
      <symbol id="sm-e1d">
         <name>pvTaskGetThreadLocalStoragePointer</name>
         <value>0x1ff8</value>
         <object_component_ref idref="oc-19c"/>
      </symbol>
      <symbol id="sm-e1e">
         <name>uxTaskPriorityGetFromISR</name>
         <value>0x9d8</value>
         <object_component_ref idref="oc-19c"/>
      </symbol>
      <symbol id="sm-e1f">
         <name>ulTaskNotifyTake</name>
         <value>0x2390</value>
         <object_component_ref idref="oc-19c"/>
      </symbol>
      <symbol id="sm-e20">
         <name>pcTaskGetName</name>
         <value>0x1354</value>
         <object_component_ref idref="oc-19c"/>
      </symbol>
      <symbol id="sm-e21">
         <name>xTaskCheckForTimeOut</name>
         <value>0x1dd0</value>
         <object_component_ref idref="oc-19c"/>
      </symbol>
      <symbol id="sm-e22">
         <name>xTaskRemoveFromUnorderedEventList</name>
         <value>0x1c88</value>
         <object_component_ref idref="oc-19c"/>
      </symbol>
      <symbol id="sm-e23">
         <name>vTaskPrioritySet</name>
         <value>0xa20</value>
         <object_component_ref idref="oc-19c"/>
      </symbol>
      <symbol id="sm-e24">
         <name>vTaskAllocateMPURegions</name>
         <value>0x2064</value>
         <object_component_ref idref="oc-19c"/>
      </symbol>
      <symbol id="sm-e25">
         <name>xTaskAbortDelay</name>
         <value>0x16c8</value>
         <object_component_ref idref="oc-19c"/>
      </symbol>
      <symbol id="sm-e26">
         <name>vTaskStartScheduler</name>
         <value>0xfec</value>
         <object_component_ref idref="oc-19c"/>
      </symbol>
      <symbol id="sm-e27">
         <name>xTaskNotifyStateClear</name>
         <value>0x17884</value>
         <object_component_ref idref="oc-322"/>
      </symbol>
      <symbol id="sm-e28">
         <name>uxTaskGetStackHighWaterMark</name>
         <value>0x223c</value>
         <object_component_ref idref="oc-19c"/>
      </symbol>
      <symbol id="sm-e29">
         <name>vTaskSetThreadLocalStoragePointer</name>
         <value>0x1f94</value>
         <object_component_ref idref="oc-19c"/>
      </symbol>
      <symbol id="sm-e2a">
         <name>xTaskGenericNotify</name>
         <value>0x2580</value>
         <object_component_ref idref="oc-19c"/>
      </symbol>
      <symbol id="sm-e2b">
         <name>xTaskCreate</name>
         <value>0xfc</value>
         <object_component_ref idref="oc-19c"/>
      </symbol>
      <symbol id="sm-e2c">
         <name>vTaskDelayUntil</name>
         <value>0x6a0</value>
         <object_component_ref idref="oc-19c"/>
      </symbol>
      <symbol id="sm-e2d">
         <name>vTaskEndScheduler</name>
         <value>0x1084</value>
         <object_component_ref idref="oc-19c"/>
      </symbol>
      <symbol id="sm-e2e">
         <name>xTaskNotifyWait</name>
         <value>0x2468</value>
         <object_component_ref idref="oc-19c"/>
      </symbol>
      <symbol id="sm-e2f">
         <name>vTaskMissedYield</name>
         <value>0x1f08</value>
         <object_component_ref idref="oc-19c"/>
      </symbol>
      <symbol id="sm-e30">
         <name>uxTaskGetNumberOfTasks</name>
         <value>0x1348</value>
         <object_component_ref idref="oc-19c"/>
      </symbol>
      <symbol id="sm-e31">
         <name>xTaskGenericNotifyFromISR</name>
         <value>0x2754</value>
         <object_component_ref idref="oc-19c"/>
      </symbol>
      <symbol id="sm-e32">
         <name>uxTaskPriorityGet</name>
         <value>0x994</value>
         <object_component_ref idref="oc-19c"/>
      </symbol>
      <symbol id="sm-e33">
         <name>vTaskStepTick</name>
         <value>0x166c</value>
         <object_component_ref idref="oc-19c"/>
      </symbol>
      <symbol id="sm-e34">
         <name>xTaskResumeAll</name>
         <value>0x1158</value>
         <object_component_ref idref="oc-19c"/>
      </symbol>
      <symbol id="sm-e35">
         <name>xTaskGetHandle</name>
         <value>0x152c</value>
         <object_component_ref idref="oc-19c"/>
      </symbol>
      <symbol id="sm-e36">
         <name>xTaskGetTickCount</name>
         <value>0x1308</value>
         <object_component_ref idref="oc-19c"/>
      </symbol>
      <symbol id="sm-e37">
         <name>vTaskDelete</name>
         <value>0x538</value>
         <object_component_ref idref="oc-19c"/>
      </symbol>
      <symbol id="sm-e38">
         <name>pxCurrentTCB</name>
         <value>0x80008d0</value>
         <object_component_ref idref="oc-1e4"/>
      </symbol>
      <symbol id="sm-e39">
         <name>vTaskNotifyGiveFromISR</name>
         <value>0x2954</value>
         <object_component_ref idref="oc-19c"/>
      </symbol>
      <symbol id="sm-e3a">
         <name>eTaskGetState</name>
         <value>0x890</value>
         <object_component_ref idref="oc-19c"/>
      </symbol>
      <symbol id="sm-e3b">
         <name>vTaskSuspend</name>
         <value>0xc18</value>
         <object_component_ref idref="oc-19c"/>
      </symbol>
      <symbol id="sm-e3c">
         <name>xTaskGetIdleTaskHandle</name>
         <value>0x1634</value>
         <object_component_ref idref="oc-19c"/>
      </symbol>
      <symbol id="sm-e3d">
         <name>xTaskGetTickCountFromISR</name>
         <value>0x1324</value>
         <object_component_ref idref="oc-19c"/>
      </symbol>
      <symbol id="sm-e3e">
         <name>vTaskResume</name>
         <value>0xe20</value>
         <object_component_ref idref="oc-19c"/>
      </symbol>
      <symbol id="sm-e3f">
         <name>vTaskSetTimeOutState</name>
         <value>0x1d90</value>
         <object_component_ref idref="oc-19c"/>
      </symbol>
      <symbol id="sm-e40">
         <name>xTaskIncrementTick</name>
         <value>0x17c8</value>
         <object_component_ref idref="oc-19c"/>
      </symbol>
      <symbol id="sm-e41">
         <name>vTaskSwitchContext</name>
         <value>0x19f0</value>
         <object_component_ref idref="oc-19c"/>
      </symbol>
      <symbol id="sm-e42">
         <name>uxTaskResetEventItemValue</name>
         <value>0x2354</value>
         <object_component_ref idref="oc-19c"/>
      </symbol>
      <symbol id="sm-e43">
         <name>xTaskGetSchedulerState</name>
         <value>0x2304</value>
         <object_component_ref idref="oc-19c"/>
      </symbol>
      <symbol id="sm-e44">
         <name>xTaskResumeFromISR</name>
         <value>0xf04</value>
         <object_component_ref idref="oc-19c"/>
      </symbol>
      <symbol id="sm-e45">
         <name>vTaskPlaceOnUnorderedEventList</name>
         <value>0x1b14</value>
         <object_component_ref idref="oc-19c"/>
      </symbol>
      <symbol id="sm-e46">
         <name>xTaskRemoveFromEventList</name>
         <value>0x1b98</value>
         <object_component_ref idref="oc-19c"/>
      </symbol>
      <symbol id="sm-e47">
         <name>eTaskConfirmSleepModeStatus</name>
         <value>0x1f18</value>
         <object_component_ref idref="oc-19c"/>
      </symbol>
      <symbol id="sm-e7d">
         <name>asinl</name>
         <value>0x1681c</value>
         <object_component_ref idref="oc-143"/>
      </symbol>
      <symbol id="sm-e7e">
         <name>asin</name>
         <value>0x1681c</value>
         <object_component_ref idref="oc-143"/>
      </symbol>
      <symbol id="sm-ef3">
         <name>pow</name>
         <value>0x13c08</value>
         <object_component_ref idref="oc-137"/>
      </symbol>
      <symbol id="sm-ef4">
         <name>powl</name>
         <value>0x13c08</value>
         <object_component_ref idref="oc-137"/>
      </symbol>
      <symbol id="sm-f04">
         <name>sqrtl</name>
         <value>0x18ac8</value>
         <object_component_ref idref="oc-13d"/>
      </symbol>
      <symbol id="sm-f05">
         <name>sqrt</name>
         <value>0x18ac8</value>
         <object_component_ref idref="oc-13d"/>
      </symbol>
      <symbol id="sm-f1f">
         <name>floorl</name>
         <value>0x17ba0</value>
         <object_component_ref idref="oc-288"/>
      </symbol>
      <symbol id="sm-f20">
         <name>floor</name>
         <value>0x17ba0</value>
         <object_component_ref idref="oc-288"/>
      </symbol>
      <symbol id="sm-f44">
         <name>scalbn</name>
         <value>0x17e18</value>
         <object_component_ref idref="oc-2b8"/>
      </symbol>
      <symbol id="sm-f45">
         <name>scalbnl</name>
         <value>0x17e18</value>
         <object_component_ref idref="oc-2b8"/>
      </symbol>
      <symbol id="sm-f46">
         <name>ldexpl</name>
         <value>0x17e18</value>
         <object_component_ref idref="oc-2b8"/>
      </symbol>
      <symbol id="sm-f47">
         <name>ldexp</name>
         <value>0x17e18</value>
         <object_component_ref idref="oc-2b8"/>
      </symbol>
      <symbol id="sm-f89">
         <name>sin</name>
         <value>0x152d4</value>
         <object_component_ref idref="oc-131"/>
      </symbol>
      <symbol id="sm-f8a">
         <name>sinl</name>
         <value>0x152d4</value>
         <object_component_ref idref="oc-131"/>
      </symbol>
      <symbol id="sm-f96">
         <name>__aeabi_idivmod</name>
         <value>0x18a24</value>
         <object_component_ref idref="oc-12c"/>
      </symbol>
      <symbol id="sm-f97">
         <name>__aeabi_idiv</name>
         <value>0x18a24</value>
         <object_component_ref idref="oc-12c"/>
      </symbol>
      <symbol id="sm-fb0">
         <name>memcpy</name>
         <value>0x174a4</value>
         <object_component_ref idref="oc-52"/>
      </symbol>
      <symbol id="sm-fb1">
         <name>__aeabi_memcpy</name>
         <value>0x174a4</value>
         <object_component_ref idref="oc-52"/>
      </symbol>
      <symbol id="sm-fb2">
         <name>__aeabi_memcpy8</name>
         <value>0x174a4</value>
         <object_component_ref idref="oc-52"/>
      </symbol>
      <symbol id="sm-fb3">
         <name>__aeabi_memcpy4</name>
         <value>0x174a4</value>
         <object_component_ref idref="oc-52"/>
      </symbol>
      <symbol id="sm-fc2">
         <name>__aeabi_memset</name>
         <value>0x18408</value>
         <object_component_ref idref="oc-c1"/>
      </symbol>
      <symbol id="sm-fc3">
         <name>memset</name>
         <value>0x18414</value>
         <object_component_ref idref="oc-c1"/>
      </symbol>
      <symbol id="sm-fc4">
         <name>__aeabi_memset8</name>
         <value>0x18408</value>
         <object_component_ref idref="oc-c1"/>
      </symbol>
      <symbol id="sm-fc5">
         <name>__aeabi_memset4</name>
         <value>0x18408</value>
         <object_component_ref idref="oc-c1"/>
      </symbol>
      <symbol id="sm-fc6">
         <name>__aeabi_memclr8</name>
         <value>0x18404</value>
         <object_component_ref idref="oc-c1"/>
      </symbol>
      <symbol id="sm-fc7">
         <name>__aeabi_memclr4</name>
         <value>0x18404</value>
         <object_component_ref idref="oc-c1"/>
      </symbol>
      <symbol id="sm-fc8">
         <name>__aeabi_memclr</name>
         <value>0x18404</value>
         <object_component_ref idref="oc-c1"/>
      </symbol>
      <symbol id="sm-ff0">
         <name>__TI_auto_init_nobinit_nopinit</name>
         <value>0x1884c</value>
         <object_component_ref idref="oc-e4"/>
      </symbol>
      <symbol id="sm-1003">
         <name>__TI_zero_init</name>
         <value>0x18c0c</value>
         <object_component_ref idref="oc-64"/>
      </symbol>
      <symbol id="sm-101a">
         <name>__TI_decompress_none</name>
         <value>0x18bf8</value>
         <object_component_ref idref="oc-14"/>
      </symbol>
      <symbol id="sm-103d">
         <name>__TI_decompress_lzss</name>
         <value>0x1854c</value>
         <object_component_ref idref="oc-e"/>
      </symbol>
      <symbol id="sm-1048">
         <name>C$$EXIT</name>
         <value>0x18c28</value>
         <object_component_ref idref="oc-1d8"/>
      </symbol>
      <symbol id="sm-1049">
         <name>abort</name>
         <value>0x18c28</value>
         <object_component_ref idref="oc-1d8"/>
      </symbol>
      <symbol id="sm-105e">
         <name>_nop</name>
         <value>0x18c30</value>
         <object_component_ref idref="oc-41f"/>
      </symbol>
      <symbol id="sm-105f">
         <name>_lock</name>
         <value>0x8005484</value>
         <object_component_ref idref="oc-2d9"/>
      </symbol>
      <symbol id="sm-1060">
         <name>_unlock</name>
         <value>0x8005488</value>
         <object_component_ref idref="oc-2d9"/>
      </symbol>
      <symbol id="sm-108d">
         <name>sprintf</name>
         <value>0x18918</value>
         <object_component_ref idref="oc-11a"/>
      </symbol>
      <symbol id="sm-109b">
         <name>strlen</name>
         <value>0x18ba8</value>
         <object_component_ref idref="oc-120"/>
      </symbol>
      <symbol id="sm-10ae">
         <name>HOSTclock</name>
         <value>0x187e0</value>
         <object_component_ref idref="oc-149"/>
      </symbol>
      <symbol id="sm-10b4">
         <name>parmbuf</name>
         <value>0x8005280</value>
      </symbol>
      <symbol id="sm-10d7">
         <name>__TI_readmsg</name>
         <value>0x1897c</value>
         <object_component_ref idref="oc-2d3"/>
      </symbol>
      <symbol id="sm-10d8">
         <name>C$$IO$$</name>
         <value>0x18a18</value>
         <object_component_ref idref="oc-2cd"/>
      </symbol>
      <symbol id="sm-10d9">
         <name>__CIOBUF_</name>
         <value>0x8005000</value>
         <object_component_ref idref="oc-419"/>
      </symbol>
      <symbol id="sm-10da">
         <name>__TI_writemsg</name>
         <value>0x189d0</value>
         <object_component_ref idref="oc-2cd"/>
      </symbol>
      <symbol id="sm-10f0">
         <name>__aeabi_errno_addr</name>
         <value>0x18c1c</value>
         <object_component_ref idref="oc-2b2"/>
      </symbol>
      <symbol id="sm-10f1">
         <name>errno</name>
         <value>0x8005494</value>
         <object_component_ref idref="oc-400"/>
      </symbol>
      <symbol id="sm-10fb">
         <name>copysign</name>
         <value>0x18bc8</value>
         <object_component_ref idref="oc-405"/>
      </symbol>
      <symbol id="sm-10fc">
         <name>copysignl</name>
         <value>0x18bc8</value>
         <object_component_ref idref="oc-405"/>
      </symbol>
      <symbol id="sm-1162">
         <name>__kernel_rem_pio2</name>
         <value>0x143c8</value>
         <object_component_ref idref="oc-29f"/>
      </symbol>
      <symbol id="sm-1173">
         <name>__kernel_cos</name>
         <value>0x18118</value>
         <object_component_ref idref="oc-2a5"/>
      </symbol>
      <symbol id="sm-1188">
         <name>__kernel_sin</name>
         <value>0x1829c</value>
         <object_component_ref idref="oc-299"/>
      </symbol>
      <symbol id="sm-1192">
         <name>__aeabi_idiv0</name>
         <value>0x18c38</value>
         <object_component_ref idref="oc-293"/>
      </symbol>
      <symbol id="sm-1193">
         <name>__aeabi_ldiv0</name>
         <value>0x18c38</value>
         <object_component_ref idref="oc-293"/>
      </symbol>
      <symbol id="sm-12d8">
         <name>__TI_printfi</name>
         <value>0xf00c</value>
         <object_component_ref idref="oc-26d"/>
      </symbol>
      <symbol id="sm-12eb">
         <name>atoi</name>
         <value>0x18668</value>
         <object_component_ref idref="oc-393"/>
      </symbol>
      <symbol id="sm-12f6">
         <name>_ctypes_</name>
         <value>0x18f48</value>
         <object_component_ref idref="oc-478"/>
      </symbol>
      <symbol id="sm-1304">
         <name>ltoa</name>
         <value>0x186ec</value>
         <object_component_ref idref="oc-488"/>
      </symbol>
      <symbol id="sm-1313">
         <name>memccpy</name>
         <value>0x18b30</value>
         <object_component_ref idref="oc-3b7"/>
      </symbol>
      <symbol id="sm-1321">
         <name>strchr</name>
         <value>0x18b5c</value>
         <object_component_ref idref="oc-4af"/>
      </symbol>
      <symbol id="sm-1334">
         <name>frexpl</name>
         <value>0x185dc</value>
         <object_component_ref idref="oc-4a9"/>
      </symbol>
      <symbol id="sm-1335">
         <name>frexp</name>
         <value>0x185dc</value>
         <object_component_ref idref="oc-4a9"/>
      </symbol>
      <symbol id="sm-134d">
         <name>wcslen</name>
         <value>0x18b84</value>
         <object_component_ref idref="oc-3bd"/>
      </symbol>
      <symbol id="sm-1359">
         <name>__aeabi_uidivmod</name>
         <value>0x18a78</value>
         <object_component_ref idref="oc-482"/>
      </symbol>
      <symbol id="sm-135a">
         <name>__aeabi_uidiv</name>
         <value>0x18a78</value>
         <object_component_ref idref="oc-482"/>
      </symbol>
      <symbol id="sm-1376">
         <name>__aeabi_uldivmod</name>
         <value>0x16af4</value>
         <object_component_ref idref="oc-47d"/>
      </symbol>
      <symbol id="sm-1377">
         <name>__TI_static_base__</name>
         <value>0x0</value>
      </symbol>
      <symbol id="sm-137b">
         <name>SHT$$INIT_ARRAY$$Base</name>
         <value>0x0</value>
      </symbol>
      <symbol id="sm-137c">
         <name>SHT$$INIT_ARRAY$$Limit</name>
         <value>0x0</value>
      </symbol>
      <symbol id="sm-137d">
         <name>_system_post_cinit</name>
         <value>0x0</value>
      </symbol>
      <symbol id="sm-137e">
         <name>clock</name>
         <value>0x187e0</value>
      </symbol>
   </symbol_table>
   <title>Link successful</title>
</link_info>
